[0.040s] Invoking command in '/home/david/ros2_ws/build/ros2_fundamentals_examples': CMAKE_PREFIX_PATH=${CMAKE_PREFIX_PATH}:/opt/ros/jazzy DEBUGINFOD_URLS=https://debuginfod.ubuntu.com /usr/bin/cmake --build /home/david/ros2_ws/build/ros2_fundamentals_examples -- -j8 -l8
[0.162s] -- Found ament_cmake: 2.5.6 (/opt/ros/jazzy/share/ament_cmake/cmake)
[1.012s] -- Found rclcpp: 28.1.21 (/opt/ros/jazzy/share/rclcpp/cmake)
[1.084s] -- Found rosidl_generator_c: 4.6.9 (/opt/ros/jazzy/share/rosidl_generator_c/cmake)
[1.102s] -- Found rosidl_generator_cpp: 4.6.9 (/opt/ros/jazzy/share/rosidl_generator_cpp/cmake)
[1.133s] -- Using all available rosidl_typesupport_c: rosidl_typesupport_fastrtps_c;rosidl_typesupport_introspection_c
[1.164s] -- Using all available rosidl_typesupport_cpp: rosidl_typesupport_fastrtps_cpp;rosidl_typesupport_introspection_cpp
[1.307s] -- Found rmw_implementation_cmake: 7.3.3 (/opt/ros/jazzy/share/rmw_implementation_cmake/cmake)
[1.309s] -- Found rmw_fastrtps_cpp: 8.4.4 (/opt/ros/jazzy/share/rmw_fastrtps_cpp/cmake)
[1.451s] -- Using RMW implementation 'rmw_fastrtps_cpp' as default
[1.613s] -- Found rclpy: 7.1.11 (/opt/ros/jazzy/share/rclpy/cmake)
[1.613s] -- Found std_msgs: 5.3.8 (/opt/ros/jazzy/share/std_msgs/cmake)
[1.853s] -- Found ament_lint_auto: 0.17.5 (/opt/ros/jazzy/share/ament_lint_auto/cmake)
[2.051s] -- Added test 'flake8' to check Python code syntax and style conventions
[2.051s] -- Configured 'flake8' exclude dirs and/or files: 
[2.053s] -- Added test 'lint_cmake' to check CMake code style
[2.054s] -- Added test 'pep257' to check Python code against some of the docstring style conventions in PEP 257
[2.055s] -- Added test 'xmllint' to check XML markup files
[2.058s] -- Configuring done (2.0s)
[2.085s] -- Generating done (0.0s)
[2.091s] -- Build files have been written to: /home/david/ros2_ws/build/ros2_fundamentals_examples
[2.185s] Built target ament_cmake_python_copy_ros2_fundamentals_examples
[3.092s] running egg_info
[3.093s] creating ros2_fundamentals_examples.egg-info
[3.140s] writing ros2_fundamentals_examples.egg-info/PKG-INFO
[3.140s] writing dependency_links to ros2_fundamentals_examples.egg-info/dependency_links.txt
[3.140s] writing top-level names to ros2_fundamentals_examples.egg-info/top_level.txt
[3.147s] writing manifest file 'ros2_fundamentals_examples.egg-info/SOURCES.txt'
[3.317s] reading manifest file 'ros2_fundamentals_examples.egg-info/SOURCES.txt'
[3.318s] writing manifest file 'ros2_fundamentals_examples.egg-info/SOURCES.txt'
[3.419s] Built target ament_cmake_python_build_ros2_fundamentals_examples_egg
[3.440s] Invoked command in '/home/david/ros2_ws/build/ros2_fundamentals_examples' returned '0': CMAKE_PREFIX_PATH=${CMAKE_PREFIX_PATH}:/opt/ros/jazzy DEBUGINFOD_URLS=https://debuginfod.ubuntu.com /usr/bin/cmake --build /home/david/ros2_ws/build/ros2_fundamentals_examples -- -j8 -l8
[3.461s] Invoking command in '/home/david/ros2_ws/build/ros2_fundamentals_examples': CMAKE_PREFIX_PATH=${CMAKE_PREFIX_PATH}:/opt/ros/jazzy DEBUGINFOD_URLS=https://debuginfod.ubuntu.com /usr/bin/cmake --install /home/david/ros2_ws/build/ros2_fundamentals_examples
[3.483s] -- Install configuration: ""
[3.483s] -- Installing: /home/david/ros2_ws/install/ros2_fundamentals_examples/share/ros2_fundamentals_examples/ros2_fundamentals_examples
[3.484s] -- Installing: /home/david/ros2_ws/install/ros2_fundamentals_examples/share/ros2_fundamentals_examples/ros2_fundamentals_examples/py_minimal_publisher.py
[3.485s] -- Installing: /home/david/ros2_ws/install/ros2_fundamentals_examples/share/ros2_fundamentals_examples/ros2_fundamentals_examples/__init__.py
[3.486s] -- Installing: /home/david/ros2_ws/install/ros2_fundamentals_examples/include
[3.486s] -- Installing: /home/david/ros2_ws/install/ros2_fundamentals_examples/include/ros2_fundamentals_examples
[3.486s] -- Installing: /home/david/ros2_ws/install/ros2_fundamentals_examples/share/ros2_fundamentals_examples/environment/pythonpath.sh
[3.486s] -- Installing: /home/david/ros2_ws/install/ros2_fundamentals_examples/share/ros2_fundamentals_examples/environment/pythonpath.dsv
[3.487s] -- Installing: /home/david/ros2_ws/install/ros2_fundamentals_examples/lib/python3.12/site-packages/ros2_fundamentals_examples-0.0.0-py3.12.egg-info
[3.487s] -- Installing: /home/david/ros2_ws/install/ros2_fundamentals_examples/lib/python3.12/site-packages/ros2_fundamentals_examples-0.0.0-py3.12.egg-info/SOURCES.txt
[3.487s] -- Installing: /home/david/ros2_ws/install/ros2_fundamentals_examples/lib/python3.12/site-packages/ros2_fundamentals_examples-0.0.0-py3.12.egg-info/dependency_links.txt
[3.487s] -- Installing: /home/david/ros2_ws/install/ros2_fundamentals_examples/lib/python3.12/site-packages/ros2_fundamentals_examples-0.0.0-py3.12.egg-info/top_level.txt
[3.487s] -- Installing: /home/david/ros2_ws/install/ros2_fundamentals_examples/lib/python3.12/site-packages/ros2_fundamentals_examples-0.0.0-py3.12.egg-info/PKG-INFO
[3.487s] -- Installing: /home/david/ros2_ws/install/ros2_fundamentals_examples/lib/python3.12/site-packages/ros2_fundamentals_examples
[3.487s] -- Installing: /home/david/ros2_ws/install/ros2_fundamentals_examples/lib/python3.12/site-packages/ros2_fundamentals_examples/py_minimal_publisher.py
[3.487s] -- Installing: /home/david/ros2_ws/install/ros2_fundamentals_examples/lib/python3.12/site-packages/ros2_fundamentals_examples/__init__.py
[3.625s] Listing '/home/david/ros2_ws/install/ros2_fundamentals_examples/lib/python3.12/site-packages/ros2_fundamentals_examples'...
[3.625s] Compiling '/home/david/ros2_ws/install/ros2_fundamentals_examples/lib/python3.12/site-packages/ros2_fundamentals_examples/__init__.py'...
[3.625s] Compiling '/home/david/ros2_ws/install/ros2_fundamentals_examples/lib/python3.12/site-packages/ros2_fundamentals_examples/py_minimal_publisher.py'...
[3.634s] -- Installing: /home/david/ros2_ws/install/ros2_fundamentals_examples/lib/ros2_fundamentals_examples/py_minimal_publisher.py
[3.635s] -- Installing: /home/david/ros2_ws/install/ros2_fundamentals_examples/share/ament_index/resource_index/package_run_dependencies/ros2_fundamentals_examples
[3.636s] -- Installing: /home/david/ros2_ws/install/ros2_fundamentals_examples/share/ament_index/resource_index/parent_prefix_path/ros2_fundamentals_examples
[3.638s] -- Up-to-date: /home/david/ros2_ws/install/ros2_fundamentals_examples/share/ros2_fundamentals_examples/environment/ament_prefix_path.sh
[3.638s] -- Up-to-date: /home/david/ros2_ws/install/ros2_fundamentals_examples/share/ros2_fundamentals_examples/environment/ament_prefix_path.dsv
[3.639s] -- Up-to-date: /home/david/ros2_ws/install/ros2_fundamentals_examples/share/ros2_fundamentals_examples/environment/path.sh
[3.640s] -- Up-to-date: /home/david/ros2_ws/install/ros2_fundamentals_examples/share/ros2_fundamentals_examples/environment/path.dsv
[3.641s] -- Up-to-date: /home/david/ros2_ws/install/ros2_fundamentals_examples/share/ros2_fundamentals_examples/local_setup.bash
[3.641s] -- Installing: /home/david/ros2_ws/install/ros2_fundamentals_examples/share/ros2_fundamentals_examples/local_setup.sh
[3.642s] -- Up-to-date: /home/david/ros2_ws/install/ros2_fundamentals_examples/share/ros2_fundamentals_examples/local_setup.zsh
[3.642s] -- Installing: /home/david/ros2_ws/install/ros2_fundamentals_examples/share/ros2_fundamentals_examples/local_setup.dsv
[3.645s] -- Installing: /home/david/ros2_ws/install/ros2_fundamentals_examples/share/ros2_fundamentals_examples/package.dsv
[3.646s] -- Up-to-date: /home/david/ros2_ws/install/ros2_fundamentals_examples/share/ament_index/resource_index/packages/ros2_fundamentals_examples
[3.647s] -- Installing: /home/david/ros2_ws/install/ros2_fundamentals_examples/share/ros2_fundamentals_examples/cmake/ament_cmake_export_include_directories-extras.cmake
[3.647s] -- Installing: /home/david/ros2_ws/install/ros2_fundamentals_examples/share/ros2_fundamentals_examples/cmake/ros2_fundamentals_examplesConfig.cmake
[3.648s] -- Up-to-date: /home/david/ros2_ws/install/ros2_fundamentals_examples/share/ros2_fundamentals_examples/cmake/ros2_fundamentals_examplesConfig-version.cmake
[3.649s] -- Installing: /home/david/ros2_ws/install/ros2_fundamentals_examples/share/ros2_fundamentals_examples/package.xml
[3.657s] Invoked command in '/home/david/ros2_ws/build/ros2_fundamentals_examples' returned '0': CMAKE_PREFIX_PATH=${CMAKE_PREFIX_PATH}:/opt/ros/jazzy DEBUGINFOD_URLS=https://debuginfod.ubuntu.com /usr/bin/cmake --install /home/david/ros2_ws/build/ros2_fundamentals_examples
