[0.065s] Invoking command in '/home/david/ros2_ws/build/ros2_fundamentals_examples': CMAKE_PREFIX_PATH=${CMAKE_PREFIX_PATH}:/opt/ros/jazzy DEBUGINFOD_URLS=https://debuginfod.ubuntu.com /usr/bin/cmake --build /home/david/ros2_ws/build/ros2_fundamentals_examples -- -j8 -l8
[0.269s] -- Found ament_cmake: 2.5.6 (/opt/ros/jazzy/share/ament_cmake/cmake)
[1.099s] -- Found rclcpp: 28.1.21 (/opt/ros/jazzy/share/rclcpp/cmake)
[1.471s] -- Found rosidl_generator_c: 4.6.9 (/opt/ros/jazzy/share/rosidl_generator_c/cmake)
[1.648s] -- Found rosidl_generator_cpp: 4.6.9 (/opt/ros/jazzy/share/rosidl_generator_cpp/cmake)
[1.785s] -- Using all available rosidl_typesupport_c: rosidl_typesupport_fastrtps_c;rosidl_typesupport_introspection_c
[1.918s] -- Using all available rosidl_typesupport_cpp: rosidl_typesupport_fastrtps_cpp;rosidl_typesupport_introspection_cpp
[2.315s] -- Found rmw_implementation_cmake: 7.3.3 (/opt/ros/jazzy/share/rmw_implementation_cmake/cmake)
[2.373s] -- Found rmw_fastrtps_cpp: 8.4.4 (/opt/ros/jazzy/share/rmw_fastrtps_cpp/cmake)
[2.847s] -- Found OpenSSL: /usr/lib/x86_64-linux-gnu/libcrypto.so (found version "3.0.13")  
[2.945s] -- Found FastRTPS: /opt/ros/jazzy/include (Required is at least version "2.13") 
[2.995s] -- Using RMW implementation 'rmw_fastrtps_cpp' as default
[3.351s] -- Found rclpy: 7.1.11 (/opt/ros/jazzy/share/rclpy/cmake)
[3.371s] -- Found std_msgs: 5.3.8 (/opt/ros/jazzy/share/std_msgs/cmake)
[3.658s] [31mCMake Error at CMakeLists.txt:55 (install):
[3.658s]   install PROGRAMS given unknown argument "/ros2_fundamentals_examples".
[3.661s] 
[3.662s] [0m
[3.662s] -- Found ament_lint_auto: 0.17.5 (/opt/ros/jazzy/share/ament_lint_auto/cmake)
[3.839s] -- Added test 'flake8' to check Python code syntax and style conventions
[3.839s] -- Configured 'flake8' exclude dirs and/or files: 
[3.843s] -- Added test 'lint_cmake' to check CMake code style
[3.844s] -- Added test 'pep257' to check Python code against some of the docstring style conventions in PEP 257
[3.845s] -- Added test 'xmllint' to check XML markup files
[3.858s] -- Configuring incomplete, errors occurred!
[3.898s] gmake: *** [Makefile:226: cmake_check_build_system] Error 1
[3.901s] Invoked command in '/home/david/ros2_ws/build/ros2_fundamentals_examples' returned '2': CMAKE_PREFIX_PATH=${CMAKE_PREFIX_PATH}:/opt/ros/jazzy DEBUGINFOD_URLS=https://debuginfod.ubuntu.com /usr/bin/cmake --build /home/david/ros2_ws/build/ros2_fundamentals_examples -- -j8 -l8
