[0.035s] Invoking command in '/home/david/ros2_ws/build/ros2_fundamentals_examples': CMAKE_PREFIX_PATH=${CMAKE_PREFIX_PATH}:/opt/ros/jazzy DEBUGINFOD_URLS=https://debuginfod.ubuntu.com /usr/bin/cmake --build /home/david/ros2_ws/build/ros2_fundamentals_examples -- -j8 -l8
[0.209s] Built target ament_cmake_python_copy_ros2_fundamentals_examples
[0.613s] running egg_info
[0.651s] writing ros2_fundamentals_examples.egg-info/PKG-INFO
[0.652s] writing dependency_links to ros2_fundamentals_examples.egg-info/dependency_links.txt
[0.652s] writing top-level names to ros2_fundamentals_examples.egg-info/top_level.txt
[0.761s] reading manifest file 'ros2_fundamentals_examples.egg-info/SOURCES.txt'
[0.762s] writing manifest file 'ros2_fundamentals_examples.egg-info/SOURCES.txt'
[0.813s] Built target ament_cmake_python_build_ros2_fundamentals_examples_egg
[0.834s] Invoked command in '/home/david/ros2_ws/build/ros2_fundamentals_examples' returned '0': CMAKE_PREFIX_PATH=${CMAKE_PREFIX_PATH}:/opt/ros/jazzy DEBUGINFOD_URLS=https://debuginfod.ubuntu.com /usr/bin/cmake --build /home/david/ros2_ws/build/ros2_fundamentals_examples -- -j8 -l8
[0.851s] Invoking command in '/home/david/ros2_ws/build/ros2_fundamentals_examples': CMAKE_PREFIX_PATH=${CMAKE_PREFIX_PATH}:/opt/ros/jazzy DEBUGINFOD_URLS=https://debuginfod.ubuntu.com /usr/bin/cmake --install /home/david/ros2_ws/build/ros2_fundamentals_examples
[0.864s] -- Install configuration: ""
[0.864s] -- Up-to-date: /home/david/ros2_ws/install/ros2_fundamentals_examples/share/ros2_fundamentals_examples/ros2_fundamentals_examples
[0.865s] -- Installing: /home/david/ros2_ws/install/ros2_fundamentals_examples/share/ros2_fundamentals_examples/ros2_fundamentals_examples/py_minimal_publisher.py
[0.865s] -- Up-to-date: /home/david/ros2_ws/install/ros2_fundamentals_examples/share/ros2_fundamentals_examples/ros2_fundamentals_examples/__init__.py
[0.865s] -- Up-to-date: /home/david/ros2_ws/install/ros2_fundamentals_examples/include
[0.865s] -- Up-to-date: /home/david/ros2_ws/install/ros2_fundamentals_examples/include/ros2_fundamentals_examples
[0.865s] -- Up-to-date: /home/david/ros2_ws/install/ros2_fundamentals_examples/share/ros2_fundamentals_examples/environment/pythonpath.sh
[0.866s] -- Up-to-date: /home/david/ros2_ws/install/ros2_fundamentals_examples/share/ros2_fundamentals_examples/environment/pythonpath.dsv
[0.866s] -- Up-to-date: /home/david/ros2_ws/install/ros2_fundamentals_examples/lib/python3.12/site-packages/ros2_fundamentals_examples-0.0.0-py3.12.egg-info
[0.866s] -- Installing: /home/david/ros2_ws/install/ros2_fundamentals_examples/lib/python3.12/site-packages/ros2_fundamentals_examples-0.0.0-py3.12.egg-info/SOURCES.txt
[0.866s] -- Installing: /home/david/ros2_ws/install/ros2_fundamentals_examples/lib/python3.12/site-packages/ros2_fundamentals_examples-0.0.0-py3.12.egg-info/dependency_links.txt
[0.866s] -- Installing: /home/david/ros2_ws/install/ros2_fundamentals_examples/lib/python3.12/site-packages/ros2_fundamentals_examples-0.0.0-py3.12.egg-info/top_level.txt
[0.866s] -- Installing: /home/david/ros2_ws/install/ros2_fundamentals_examples/lib/python3.12/site-packages/ros2_fundamentals_examples-0.0.0-py3.12.egg-info/PKG-INFO
[0.867s] -- Up-to-date: /home/david/ros2_ws/install/ros2_fundamentals_examples/lib/python3.12/site-packages/ros2_fundamentals_examples
[0.867s] -- Installing: /home/david/ros2_ws/install/ros2_fundamentals_examples/lib/python3.12/site-packages/ros2_fundamentals_examples/py_minimal_publisher.py
[0.867s] -- Up-to-date: /home/david/ros2_ws/install/ros2_fundamentals_examples/lib/python3.12/site-packages/ros2_fundamentals_examples/__init__.py
[0.931s] Listing '/home/david/ros2_ws/install/ros2_fundamentals_examples/lib/python3.12/site-packages/ros2_fundamentals_examples'...
[0.931s] Compiling '/home/david/ros2_ws/install/ros2_fundamentals_examples/lib/python3.12/site-packages/ros2_fundamentals_examples/py_minimal_publisher.py'...
[0.942s] -- Installing: /home/david/ros2_ws/install/ros2_fundamentals_examples/lib/ros2_fundamentals_examples/py_minimal_publisher.py
[0.943s] -- Up-to-date: /home/david/ros2_ws/install/ros2_fundamentals_examples/share/ament_index/resource_index/package_run_dependencies/ros2_fundamentals_examples
[0.944s] -- Up-to-date: /home/david/ros2_ws/install/ros2_fundamentals_examples/share/ament_index/resource_index/parent_prefix_path/ros2_fundamentals_examples
[0.944s] -- Up-to-date: /home/david/ros2_ws/install/ros2_fundamentals_examples/share/ros2_fundamentals_examples/environment/ament_prefix_path.sh
[0.944s] -- Up-to-date: /home/david/ros2_ws/install/ros2_fundamentals_examples/share/ros2_fundamentals_examples/environment/ament_prefix_path.dsv
[0.945s] -- Up-to-date: /home/david/ros2_ws/install/ros2_fundamentals_examples/share/ros2_fundamentals_examples/environment/path.sh
[0.945s] -- Up-to-date: /home/david/ros2_ws/install/ros2_fundamentals_examples/share/ros2_fundamentals_examples/environment/path.dsv
[0.945s] -- Up-to-date: /home/david/ros2_ws/install/ros2_fundamentals_examples/share/ros2_fundamentals_examples/local_setup.bash
[0.946s] -- Up-to-date: /home/david/ros2_ws/install/ros2_fundamentals_examples/share/ros2_fundamentals_examples/local_setup.sh
[0.946s] -- Up-to-date: /home/david/ros2_ws/install/ros2_fundamentals_examples/share/ros2_fundamentals_examples/local_setup.zsh
[0.946s] -- Up-to-date: /home/david/ros2_ws/install/ros2_fundamentals_examples/share/ros2_fundamentals_examples/local_setup.dsv
[0.948s] -- Installing: /home/david/ros2_ws/install/ros2_fundamentals_examples/share/ros2_fundamentals_examples/package.dsv
[0.948s] -- Up-to-date: /home/david/ros2_ws/install/ros2_fundamentals_examples/share/ament_index/resource_index/packages/ros2_fundamentals_examples
[0.948s] -- Up-to-date: /home/david/ros2_ws/install/ros2_fundamentals_examples/share/ros2_fundamentals_examples/cmake/ament_cmake_export_include_directories-extras.cmake
[0.949s] -- Up-to-date: /home/david/ros2_ws/install/ros2_fundamentals_examples/share/ros2_fundamentals_examples/cmake/ros2_fundamentals_examplesConfig.cmake
[0.949s] -- Up-to-date: /home/david/ros2_ws/install/ros2_fundamentals_examples/share/ros2_fundamentals_examples/cmake/ros2_fundamentals_examplesConfig-version.cmake
[0.950s] -- Up-to-date: /home/david/ros2_ws/install/ros2_fundamentals_examples/share/ros2_fundamentals_examples/package.xml
[0.953s] Invoked command in '/home/david/ros2_ws/build/ros2_fundamentals_examples' returned '0': CMAKE_PREFIX_PATH=${CMAKE_PREFIX_PATH}:/opt/ros/jazzy DEBUGINFOD_URLS=https://debuginfod.ubuntu.com /usr/bin/cmake --install /home/david/ros2_ws/build/ros2_fundamentals_examples
